// Jest Snapshot v1, https://goo.gl/fbAQLP

exports[`renders correctly 1`] = `
<div
  className="moduleBase"
  style={
    Object {
      "width": "undefinedmm",
    }
  }
>
  <div
    className="moduleTop"
    style={
      Object {
        "width": "NaNmm",
      }
    }
  />
  <div
    className="moduleMiddle"
    style={
      Object {
        "width": "0mm",
      }
    }
  >
    <div
      className="cardBase"
    />
    <div
      className="inset"
    />
  </div>
  <div
    className="moduleBottom"
  />
</div>
`;

exports[`renders correctly 2`] = `
<div
  className="moduleBase"
  style={
    Object {
      "width": "35mm",
    }
  }
>
  <div
    className="moduleTop"
    style={
      Object {
        "width": "30mm",
      }
    }
  >
    <div
      className="raisedContainer"
      style={
        Object {
          "width": "30mm",
        }
      }
    >
      <div
        className="ventContainer"
        style={
          Object {
            "width": "34mm",
          }
        }
      >
        <div
          className="ventUpper"
        />
        <div
          className="ventUpper"
        />
        <div
          className="ventUpper"
        />
        <div
          className="ventUpper"
        />
        <div
          className="ventUpper"
        />
      </div>
      <div
        className="labelBase"
        style={
          Object {
            "width": "27mm",
          }
        }
      >
        <div
          className="labelHorizontalLine"
          style={
            Object {
              "width": "24mm",
            }
          }
        />
        <div
          className="labelVerticalLine singleWidthMargin"
          style={
            Object {
              "borderLeft": "none",
              "flexGrow": "2",
            }
          }
        >
          <span
            className="labelText"
          >
            a
          </span>
        </div>
        <div
          className="labelVerticalLine singleWidthMargin"
          style={
            Object {
              "borderLeft": "0.25mm solid black",
              "flexGrow": "1",
            }
          }
        >
          <span
            className="labelText"
          >
            0
          </span>
        </div>
        <div
          className="labelVerticalLine singleWidthMargin"
          style={
            Object {
              "borderLeft": "0.25mm solid black",
              "flexGrow": "1",
            }
          }
        >
          <span
            className="labelText"
          >
            1
          </span>
        </div>
        <div
          className="labelVerticalLine singleWidthMargin"
          style={
            Object {
              "borderLeft": "0.25mm solid black",
              "flexGrow": "1",
            }
          }
        >
          <span
            className="labelText"
          >
            2
          </span>
        </div>
        <div
          className="labelVerticalLine singleWidthMargin"
          style={
            Object {
              "borderLeft": "0.25mm solid black",
              "flexGrow": "2",
            }
          }
        >
          <span
            className="labelText"
          >
            3
          </span>
        </div>
      </div>
      <div
        className="labelHolder"
      />
      <div
        className="brandArea"
      >
        <div
          className="logo"
        >
          <svg
            viewBox="0 0 60 58.667"
            xmlns="http://www.w3.org/2000/svg"
          >
            <defs />
            <path
              d="M4.648.033A4.574 4.574 0 00.064 4.617v49.498A4.574 4.574 0 004.648 58.7H55.48a4.574 4.574 0 004.584-4.584V4.617A4.574 4.574 0 0055.48.033H4.648zm21.829 6.44h10.472c9.26 0 16.715 7.454 16.715 16.715v4.427A16.68 16.68 0 0136.95 44.332h-4.416v3.354a5.718 5.718 0 01-5.73 5.73H13.56a5.718 5.718 0 01-5.73-5.73V12.225a5.717 5.717 0 015.73-5.729H26.01c.156-.004.309-.023.467-.023z"
              fillOpacity=".991"
              stroke="#fff"
              strokeWidth=".076"
            />
            <path
              d="M30.24 17.383a8.467 8.276 0 00-8.467 8.275 8.467 8.276 0 008.467 8.276 8.467 8.276 0 008.467-8.276 8.467 8.276 0 00-8.467-8.275zm.031 4.078a3.975 4.198 0 013.977 4.197 3.975 4.198 0 01-3.977 4.197 3.975 4.198 0 01-3.974-4.197 3.975 4.198 0 013.974-4.197z"
            />
            <path
              d="M27.754.193v22.23a3.975 4.198 0 012.564-.997 3.975 4.198 0 012.536.965V.193zm0 28.637v29.758h5.1V28.854a3.975 4.198 0 01-2.536.968 3.975 4.198 0 01-2.564-.992z"
            />
          </svg>
        </div>
        <div
          className="printArea"
        >
          <div
            className="print"
          >
            AI2 AO2 XC
          </div>
          <div
            className="print"
          >
            1035429
          </div>
        </div>
      </div>
      <div
        className="ventContainer"
        style={
          Object {
            "width": "34mm",
          }
        }
      >
        <div
          className="ventLower"
        />
        <div
          className="ventLower"
        />
        <div
          className="ventLower"
        />
        <div
          className="ventLower"
        />
        <div
          className="ventLower"
        />
      </div>
    </div>
  </div>
  <div
    className="moduleMiddle"
    style={
      Object {
        "width": "25mm",
      }
    }
  >
    <div
      className="cardBase analogIn"
    />
    <div
      className="inset"
    />
  </div>
  <div
    className="moduleBottom"
  >
    <div
      className="connector"
      style={
        Object {
          "width": "5mm",
        }
      }
    >
      <div
        className="connectorFoot"
        style={
          Object {
            "backgroundColor": "black",
          }
        }
      >
        <div
          className="footTop"
        />
      </div>
      <div
        className="connector-middle blackConnector"
      >
        <div
          className="col"
        >
          <div
            className="rootContainer"
          >
            <div
              className="row"
            >
              <div
                className="ledContainer"
              >
                <div
                  className="led_base"
                />
              </div>
              <div
                className="labelContainer"
              >
                <div
                  className="label"
                >
                  00
                </div>
              </div>
            </div>
            <div
              className="row"
            >
              <div
                className="ledContainer"
              >
                <div
                  className="led_base"
                />
              </div>
              <div
                className="labelContainer"
              >
                <div
                  className="label"
                >
                  00
                </div>
              </div>
            </div>
            <div
              className="row"
            >
              <div
                className="ledContainer"
              >
                <div
                  className="led_base"
                />
              </div>
              <div
                className="labelContainer"
              >
                <div
                  className="label"
                >
                  00
                </div>
              </div>
            </div>
            <div
              className="row"
            >
              <div
                className="ledContainer"
              >
                <div
                  className="led_base"
                />
              </div>
              <div
                className="labelContainer"
              >
                <div
                  className="label"
                >
                  00
                </div>
              </div>
            </div>
          </div>
          <div
            className="rootContainer"
          >
            <div
              className="pinLabelContainer"
            >
              <div
                className="pinHoleContainer"
              >
                <div
                  className="pinHole"
                />
              </div>
              <div
                className="labelContainer"
              >
                <div
                  className="label"
                >
                  00
                </div>
              </div>
            </div>
            <div
              className="plungerContainer"
            >
              <div
                className="plunger_base"
              >
                <div
                  className="middle"
                />
              </div>
            </div>
            <div
              className="terminalContainer"
            >
              <div
                className="container"
              >
                <div
                  className="edge"
                >
                  <div
                    className="inset"
                  >
                    <div
                      className="center_circle"
                    >
                      <div
                        className="terminal_center"
                      />
                    </div>
                  </div>
                </div>
                <div
                  className="blackCover"
                />
              </div>
            </div>
          </div>
          <div
            className="rootContainer"
          >
            <div
              className="pinLabelContainer"
            >
              <div
                className="pinHoleContainer"
              >
                <div
                  className="pinHole"
                />
              </div>
              <div
                className="labelContainer"
              >
                <div
                  className="label"
                >
                  00
                </div>
              </div>
            </div>
            <div
              className="plungerContainer"
            >
              <div
                className="plunger_base"
              >
                <div
                  className="middle"
                />
              </div>
            </div>
            <div
              className="terminalContainer"
            >
              <div
                className="container"
              >
                <div
                  className="edge"
                >
                  <div
                    className="inset"
                  >
                    <div
                      className="center_circle"
                    >
                      <div
                        className="terminal_center"
                      />
                    </div>
                  </div>
                </div>
                <div
                  className="blackCover"
                />
              </div>
            </div>
          </div>
          <div
            className="rootContainer"
          >
            <div
              className="pinLabelContainer"
            >
              <div
                className="pinHoleContainer"
              >
                <div
                  className="pinHole"
                />
              </div>
              <div
                className="labelContainer"
              >
                <div
                  className="label"
                >
                  00
                </div>
              </div>
            </div>
            <div
              className="plungerContainer"
            >
              <div
                className="plunger_base"
              >
                <div
                  className="middle"
                />
              </div>
            </div>
            <div
              className="terminalContainer"
            >
              <div
                className="container"
              >
                <div
                  className="edge"
                >
                  <div
                    className="inset"
                  >
                    <div
                      className="center_circle"
                    >
                      <div
                        className="terminal_center"
                      />
                    </div>
                  </div>
                </div>
                <div
                  className="blackCover"
                />
              </div>
            </div>
          </div>
          <div
            className="rootContainer"
          >
            <div
              className="pinLabelContainer"
            >
              <div
                className="pinHoleContainer"
              >
                <div
                  className="pinHole"
                />
              </div>
              <div
                className="labelContainer"
              >
                <div
                  className="label"
                >
                  00
                </div>
              </div>
            </div>
            <div
              className="plungerContainer"
            >
              <div
                className="plunger_base"
              >
                <div
                  className="middle"
                />
              </div>
            </div>
            <div
              className="terminalContainer"
            >
              <div
                className="container"
              >
                <div
                  className="edge edge_end"
                >
                  <div
                    className="inset inset_end"
                  >
                    <div
                      className="center_circle"
                    >
                      <div
                        className="terminal_center"
                      />
                    </div>
                  </div>
                </div>
                <div
                  className="blackCover blackCover_end"
                />
              </div>
            </div>
          </div>
        </div>
      </div>
      <div>
        <div
          className="top orange"
        >
          <div
            className="mount"
          />
        </div>
        <div
          className="mid orange"
        />
        <div
          className="bottom orange"
        />
      </div>
    </div>
    <div
      className="connector"
      style={
        Object {
          "width": "10mm",
        }
      }
    >
      <div
        className="connectorFoot"
        style={
          Object {
            "backgroundColor": "axiolineGrey",
          }
        }
      >
        <div
          className="footTop"
        />
      </div>
      <div
        className="connector-middle"
      >
        <div
          className="col"
        >
          <div
            className="rootContainer"
          >
            <div
              className="row"
            >
              <div
                className="ledContainer"
              >
                <div
                  className="led_base"
                />
              </div>
              <div
                className="labelContainer"
              >
                <div
                  className="label"
                >
                  00
                </div>
              </div>
            </div>
            <div
              className="row"
            >
              <div
                className="ledContainer"
              >
                <div
                  className="led_base"
                />
              </div>
              <div
                className="labelContainer"
              >
                <div
                  className="label"
                >
                  00
                </div>
              </div>
            </div>
            <div
              className="row"
            >
              <div
                className="ledContainer"
              >
                <div
                  className="led_base"
                />
              </div>
              <div
                className="labelContainer"
              >
                <div
                  className="label"
                >
                  00
                </div>
              </div>
            </div>
            <div
              className="row"
            >
              <div
                className="ledContainer"
              >
                <div
                  className="led_base"
                />
              </div>
              <div
                className="labelContainer"
              >
                <div
                  className="label"
                >
                  00
                </div>
              </div>
            </div>
          </div>
          <div
            className="rootContainer"
          >
            <div
              className="pinLabelContainer"
            >
              <div
                className="pinHoleContainer"
              >
                <div
                  className="pinHole"
                />
              </div>
              <div
                className="labelContainer"
              >
                <div
                  className="label"
                >
                  00
                </div>
              </div>
            </div>
            <div
              className="plungerContainer"
            >
              <div
                className="plunger_base"
              >
                <div
                  className="middle"
                />
              </div>
            </div>
            <div
              className="terminalContainer"
            >
              <div
                className="container"
              >
                <div
                  className="edge"
                >
                  <div
                    className="inset"
                  >
                    <div
                      className="center_circle"
                    >
                      <div
                        className="terminal_center"
                      />
                    </div>
                  </div>
                </div>
              </div>
            </div>
          </div>
          <div
            className="rootContainer"
          >
            <div
              className="pinLabelContainer"
            >
              <div
                className="pinHoleContainer"
              >
                <div
                  className="pinHole"
                />
              </div>
              <div
                className="labelContainer"
              >
                <div
                  className="label"
                >
                  00
                </div>
              </div>
            </div>
            <div
              className="plungerContainer"
            >
              <div
                className="plunger_base"
              >
                <div
                  className="middle"
                />
              </div>
            </div>
            <div
              className="terminalContainer"
            >
              <div
                className="container"
              >
                <div
                  className="edge"
                >
                  <div
                    className="inset"
                  >
                    <div
                      className="center_circle"
                    >
                      <div
                        className="terminal_center"
                      />
                    </div>
                  </div>
                </div>
              </div>
            </div>
          </div>
          <div
            className="rootContainer"
          >
            <div
              className="pinLabelContainer"
            >
              <div
                className="pinHoleContainer"
              >
                <div
                  className="pinHole"
                />
              </div>
              <div
                className="labelContainer"
              >
                <div
                  className="label"
                >
                  00
                </div>
              </div>
            </div>
            <div
              className="plungerContainer"
            >
              <div
                className="plunger_base"
              >
                <div
                  className="middle"
                />
              </div>
            </div>
            <div
              className="terminalContainer"
            >
              <div
                className="container"
              >
                <div
                  className="edge"
                >
                  <div
                    className="inset"
                  >
                    <div
                      className="center_circle"
                    >
                      <div
                        className="terminal_center"
                      />
                    </div>
                  </div>
                </div>
              </div>
            </div>
          </div>
          <div
            className="rootContainer"
          >
            <div
              className="pinLabelContainer"
            >
              <div
                className="pinHoleContainer"
              >
                <div
                  className="pinHole"
                />
              </div>
              <div
                className="labelContainer"
              >
                <div
                  className="label"
                >
                  00
                </div>
              </div>
            </div>
            <div
              className="plungerContainer"
            >
              <div
                className="plunger_base"
              >
                <div
                  className="middle"
                />
              </div>
            </div>
            <div
              className="terminalContainer"
            >
              <div
                className="container"
              >
                <div
                  className="edge edge_end"
                >
                  <div
                    className="inset inset_end"
                  >
                    <div
                      className="center_circle"
                    >
                      <div
                        className="terminal_center"
                      />
                    </div>
                  </div>
                </div>
              </div>
            </div>
          </div>
        </div>
        <div
          className="col"
        >
          <div
            className="rootContainer"
          >
            <div
              className="row"
            >
              <div
                className="ledContainer"
              >
                <div
                  className="led_base"
                />
              </div>
              <div
                className="labelContainer"
              >
                <div
                  className="label"
                >
                  00
                </div>
              </div>
            </div>
            <div
              className="row"
            >
              <div
                className="ledContainer"
              >
                <div
                  className="led_base"
                />
              </div>
              <div
                className="labelContainer"
              >
                <div
                  className="label"
                >
                  00
                </div>
              </div>
            </div>
            <div
              className="row"
            >
              <div
                className="ledContainer"
              >
                <div
                  className="led_base"
                />
              </div>
              <div
                className="labelContainer"
              >
                <div
                  className="label"
                >
                  00
                </div>
              </div>
            </div>
            <div
              className="row"
            >
              <div
                className="ledContainer"
              >
                <div
                  className="led_base"
                />
              </div>
              <div
                className="labelContainer"
              >
                <div
                  className="label"
                >
                  00
                </div>
              </div>
            </div>
          </div>
          <div
            className="rootContainer"
          >
            <div
              className="pinLabelContainer"
            >
              <div
                className="pinHoleContainer"
              >
                <div
                  className="pinHole"
                />
              </div>
              <div
                className="labelContainer"
              >
                <div
                  className="label"
                >
                  00
                </div>
              </div>
            </div>
            <div
              className="plungerContainer"
            >
              <div
                className="plunger_base"
              >
                <div
                  className="middle"
                />
              </div>
            </div>
            <div
              className="terminalContainer"
            >
              <div
                className="container"
              >
                <div
                  className="edge"
                >
                  <div
                    className="inset"
                  >
                    <div
                      className="center_circle"
                    >
                      <div
                        className="terminal_center"
                      />
                    </div>
                  </div>
                </div>
              </div>
            </div>
          </div>
          <div
            className="rootContainer"
          >
            <div
              className="pinLabelContainer"
            >
              <div
                className="pinHoleContainer"
              >
                <div
                  className="pinHole"
                />
              </div>
              <div
                className="labelContainer"
              >
                <div
                  className="label"
                >
                  00
                </div>
              </div>
            </div>
            <div
              className="plungerContainer"
            >
              <div
                className="plunger_base"
              >
                <div
                  className="middle"
                />
              </div>
            </div>
            <div
              className="terminalContainer"
            >
              <div
                className="container"
              >
                <div
                  className="edge"
                >
                  <div
                    className="inset"
                  >
                    <div
                      className="center_circle"
                    >
                      <div
                        className="terminal_center"
                      />
                    </div>
                  </div>
                </div>
              </div>
            </div>
          </div>
          <div
            className="rootContainer"
          >
            <div
              className="pinLabelContainer"
            >
              <div
                className="pinHoleContainer"
              >
                <div
                  className="pinHole"
                />
              </div>
              <div
                className="labelContainer"
              >
                <div
                  className="label"
                >
                  00
                </div>
              </div>
            </div>
            <div
              className="plungerContainer"
            >
              <div
                className="plunger_base"
              >
                <div
                  className="middle"
                />
              </div>
            </div>
            <div
              className="terminalContainer"
            >
              <div
                className="container"
              >
                <div
                  className="edge"
                >
                  <div
                    className="inset"
                  >
                    <div
                      className="center_circle"
                    >
                      <div
                        className="terminal_center"
                      />
                    </div>
                  </div>
                </div>
              </div>
            </div>
          </div>
          <div
            className="rootContainer"
          >
            <div
              className="pinLabelContainer"
            >
              <div
                className="pinHoleContainer"
              >
                <div
                  className="pinHole"
                />
              </div>
              <div
                className="labelContainer"
              >
                <div
                  className="label"
                >
                  00
                </div>
              </div>
            </div>
            <div
              className="plungerContainer"
            >
              <div
                className="plunger_base"
              >
                <div
                  className="middle"
                />
              </div>
            </div>
            <div
              className="terminalContainer"
            >
              <div
                className="container"
              >
                <div
                  className="edge edge_end"
                >
                  <div
                    className="inset inset_end"
                  >
                    <div
                      className="center_circle"
                    >
                      <div
                        className="terminal_center"
                      />
                    </div>
                  </div>
                </div>
              </div>
            </div>
          </div>
        </div>
      </div>
      <div>
        <div
          className="top orange"
        >
          <div
            className="mount"
          />
        </div>
        <div
          className="mid orange"
        />
        <div
          className="bottom orange"
        />
      </div>
    </div>
    <div
      className="connector"
      style={
        Object {
          "width": "10mm",
        }
      }
    >
      <div
        className="connectorFoot"
        style={
          Object {
            "backgroundColor": "axiolineGrey",
          }
        }
      >
        <div
          className="footTop"
        />
      </div>
      <div
        className="connector-middle"
      >
        <div
          className="col"
        >
          <div
            className="rootContainer"
          >
            <div
              className="row"
            >
              <div
                className="ledContainer"
              >
                <div
                  className="led_base"
                />
              </div>
              <div
                className="labelContainer"
              >
                <div
                  className="label"
                >
                  00
                </div>
              </div>
            </div>
            <div
              className="row"
            >
              <div
                className="ledContainer"
              >
                <div
                  className="led_base"
                />
              </div>
              <div
                className="labelContainer"
              >
                <div
                  className="label"
                >
                  00
                </div>
              </div>
            </div>
            <div
              className="row"
            >
              <div
                className="ledContainer"
              >
                <div
                  className="led_base"
                />
              </div>
              <div
                className="labelContainer"
              >
                <div
                  className="label"
                >
                  00
                </div>
              </div>
            </div>
            <div
              className="row"
            >
              <div
                className="ledContainer"
              >
                <div
                  className="led_base"
                />
              </div>
              <div
                className="labelContainer"
              >
                <div
                  className="label"
                >
                  00
                </div>
              </div>
            </div>
          </div>
          <div
            className="rootContainer"
          >
            <div
              className="pinLabelContainer"
            >
              <div
                className="pinHoleContainer"
              >
                <div
                  className="pinHole"
                />
              </div>
              <div
                className="labelContainer"
              >
                <div
                  className="label"
                >
                  00
                </div>
              </div>
            </div>
            <div
              className="plungerContainer"
            >
              <div
                className="plunger_base"
              >
                <div
                  className="middle"
                />
              </div>
            </div>
            <div
              className="terminalContainer"
            >
              <div
                className="container"
              >
                <div
                  className="edge"
                >
                  <div
                    className="inset"
                  >
                    <div
                      className="center_circle"
                    >
                      <div
                        className="terminal_center"
                      />
                    </div>
                  </div>
                </div>
              </div>
            </div>
          </div>
          <div
            className="rootContainer"
          >
            <div
              className="pinLabelContainer"
            >
              <div
                className="pinHoleContainer"
              >
                <div
                  className="pinHole"
                />
              </div>
              <div
                className="labelContainer"
              >
                <div
                  className="label"
                >
                  00
                </div>
              </div>
            </div>
            <div
              className="plungerContainer"
            >
              <div
                className="plunger_base"
              >
                <div
                  className="middle"
                />
              </div>
            </div>
            <div
              className="terminalContainer"
            >
              <div
                className="container"
              >
                <div
                  className="edge"
                >
                  <div
                    className="inset"
                  >
                    <div
                      className="center_circle"
                    >
                      <div
                        className="terminal_center"
                      />
                    </div>
                  </div>
                </div>
              </div>
            </div>
          </div>
          <div
            className="rootContainer"
          >
            <div
              className="pinLabelContainer"
            >
              <div
                className="pinHoleContainer"
              >
                <div
                  className="pinHole"
                />
              </div>
              <div
                className="labelContainer"
              >
                <div
                  className="label"
                >
                  00
                </div>
              </div>
            </div>
            <div
              className="plungerContainer"
            >
              <div
                className="plunger_base"
              >
                <div
                  className="middle"
                />
              </div>
            </div>
            <div
              className="terminalContainer"
            >
              <div
                className="container"
              >
                <div
                  className="edge"
                >
                  <div
                    className="inset"
                  >
                    <div
                      className="center_circle"
                    >
                      <div
                        className="terminal_center"
                      />
                    </div>
                  </div>
                </div>
              </div>
            </div>
          </div>
          <div
            className="rootContainer"
          >
            <div
              className="pinLabelContainer"
            >
              <div
                className="pinHoleContainer"
              >
                <div
                  className="pinHole"
                />
              </div>
              <div
                className="labelContainer"
              >
                <div
                  className="label"
                >
                  00
                </div>
              </div>
            </div>
            <div
              className="plungerContainer"
            >
              <div
                className="plunger_base"
              >
                <div
                  className="middle"
                />
              </div>
            </div>
            <div
              className="terminalContainer"
            >
              <div
                className="container"
              >
                <div
                  className="edge edge_end"
                >
                  <div
                    className="inset inset_end"
                  >
                    <div
                      className="center_circle"
                    >
                      <div
                        className="terminal_center"
                      />
                    </div>
                  </div>
                </div>
              </div>
            </div>
          </div>
        </div>
        <div
          className="col"
        >
          <div
            className="rootContainer"
          >
            <div
              className="row"
            >
              <div
                className="ledContainer"
              >
                <div
                  className="led_base"
                />
              </div>
              <div
                className="labelContainer"
              >
                <div
                  className="label"
                >
                  00
                </div>
              </div>
            </div>
            <div
              className="row"
            >
              <div
                className="ledContainer"
              >
                <div
                  className="led_base"
                />
              </div>
              <div
                className="labelContainer"
              >
                <div
                  className="label"
                >
                  00
                </div>
              </div>
            </div>
            <div
              className="row"
            >
              <div
                className="ledContainer"
              >
                <div
                  className="led_base"
                />
              </div>
              <div
                className="labelContainer"
              >
                <div
                  className="label"
                >
                  00
                </div>
              </div>
            </div>
            <div
              className="row"
            >
              <div
                className="ledContainer"
              >
                <div
                  className="led_base"
                />
              </div>
              <div
                className="labelContainer"
              >
                <div
                  className="label"
                >
                  00
                </div>
              </div>
            </div>
          </div>
          <div
            className="rootContainer"
          >
            <div
              className="pinLabelContainer"
            >
              <div
                className="pinHoleContainer"
              >
                <div
                  className="pinHole"
                />
              </div>
              <div
                className="labelContainer"
              >
                <div
                  className="label"
                >
                  00
                </div>
              </div>
            </div>
            <div
              className="plungerContainer"
            >
              <div
                className="plunger_base"
              >
                <div
                  className="middle"
                />
              </div>
            </div>
            <div
              className="terminalContainer"
            >
              <div
                className="container"
              >
                <div
                  className="edge"
                >
                  <div
                    className="inset"
                  >
                    <div
                      className="center_circle"
                    >
                      <div
                        className="terminal_center"
                      />
                    </div>
                  </div>
                </div>
              </div>
            </div>
          </div>
          <div
            className="rootContainer"
          >
            <div
              className="pinLabelContainer"
            >
              <div
                className="pinHoleContainer"
              >
                <div
                  className="pinHole"
                />
              </div>
              <div
                className="labelContainer"
              >
                <div
                  className="label"
                >
                  00
                </div>
              </div>
            </div>
            <div
              className="plungerContainer"
            >
              <div
                className="plunger_base"
              >
                <div
                  className="middle"
                />
              </div>
            </div>
            <div
              className="terminalContainer"
            >
              <div
                className="container"
              >
                <div
                  className="edge"
                >
                  <div
                    className="inset"
                  >
                    <div
                      className="center_circle"
                    >
                      <div
                        className="terminal_center"
                      />
                    </div>
                  </div>
                </div>
              </div>
            </div>
          </div>
          <div
            className="rootContainer"
          >
            <div
              className="pinLabelContainer"
            >
              <div
                className="pinHoleContainer"
              >
                <div
                  className="pinHole"
                />
              </div>
              <div
                className="labelContainer"
              >
                <div
                  className="label"
                >
                  00
                </div>
              </div>
            </div>
            <div
              className="plungerContainer"
            >
              <div
                className="plunger_base"
              >
                <div
                  className="middle"
                />
              </div>
            </div>
            <div
              className="terminalContainer"
            >
              <div
                className="container"
              >
                <div
                  className="edge"
                >
                  <div
                    className="inset"
                  >
                    <div
                      className="center_circle"
                    >
                      <div
                        className="terminal_center"
                      />
                    </div>
                  </div>
                </div>
              </div>
            </div>
          </div>
          <div
            className="rootContainer"
          >
            <div
              className="pinLabelContainer"
            >
              <div
                className="pinHoleContainer"
              >
                <div
                  className="pinHole"
                />
              </div>
              <div
                className="labelContainer"
              >
                <div
                  className="label"
                >
                  00
                </div>
              </div>
            </div>
            <div
              className="plungerContainer"
            >
              <div
                className="plunger_base"
              >
                <div
                  className="middle"
                />
              </div>
            </div>
            <div
              className="terminalContainer"
            >
              <div
                className="container"
              >
                <div
                  className="edge edge_end"
                >
                  <div
                    className="inset inset_end"
                  >
                    <div
                      className="center_circle"
                    >
                      <div
                        className="terminal_center"
                      />
                    </div>
                  </div>
                </div>
              </div>
            </div>
          </div>
        </div>
      </div>
      <div>
        <div
          className="top orange"
        >
          <div
            className="mount"
          />
        </div>
        <div
          className="mid orange"
        />
        <div
          className="bottom orange"
        />
      </div>
    </div>
  </div>
</div>
`;
