// Jest Snapshot v1, https://goo.gl/fbAQLP

exports[`renders correctly 1`] = `
<div
  className="root"
>
  <div
    className="partName"
  >
    <div
      style={
        Object {
          "marginLeft": "1mm",
        }
      }
    />
  </div>
  <div
    className="mainContent"
  >
    <div
      className="ledArea"
    >
      <div
        className="ledContainer"
      >
        <div
          className="led_base errLed"
        />
        <div>
          E
        </div>
      </div>
      <div
        className="ledContainer"
      >
        <div
          className="led_base"
        />
        <div>
          01
        </div>
      </div>
      <div
        className="ledContainer"
      >
        <div
          className="led_base"
        />
        <div>
          02
        </div>
      </div>
      <div
        className="ledContainer"
      >
        <div
          className="led_base"
        />
        <div>
          03
        </div>
      </div>
      <div
        className="ledContainer"
      >
        <div
          className="led_base"
        />
        <div>
          04
        </div>
      </div>
      <div
        className="ledContainer"
      >
        <div
          className="led_base"
        />
        <div>
          05
        </div>
      </div>
      <div
        className="ledContainer"
      >
        <div
          className="led_base"
        />
        <div>
          06
        </div>
      </div>
      <div
        className="ledContainer"
      >
        <div
          className="led_base"
        />
        <div>
          07
        </div>
      </div>
      <div
        className="ledContainer"
      >
        <div
          className="led_base"
        />
        <div>
          08
        </div>
      </div>
      <div
        className="root"
      >
        <div
          className="indent"
        />
        <div
          className="indent"
        />
      </div>
      <div
        className="ledContainer"
      >
        <div
          className="led_base"
        />
        <div>
          10
        </div>
      </div>
      <div
        className="ledContainer"
      >
        <div
          className="led_base"
        />
        <div>
          11
        </div>
      </div>
      <div
        className="ledContainer"
      >
        <div
          className="led_base"
        />
        <div>
          12
        </div>
      </div>
      <div
        className="ledContainer"
      >
        <div
          className="led_base"
        />
        <div>
          13
        </div>
      </div>
      <div
        className="ledContainer"
      >
        <div
          className="led_base"
        />
        <div>
          14
        </div>
      </div>
      <div
        className="ledContainer"
      >
        <div
          className="led_base"
        />
        <div>
          15
        </div>
      </div>
      <div
        className="ledContainer"
      >
        <div
          className="led_base"
        />
        <div>
          16
        </div>
      </div>
      <div
        className="ledContainer"
      >
        <div
          className="led_base errLed"
        />
        <div>
          E
        </div>
      </div>
    </div>
    <div
      className="conArea"
    />
  </div>
  <div
    className="partName"
  >
    <div
      style={
        Object {
          "marginLeft": "1mm",
        }
      }
    />
  </div>
</div>
`;

exports[`renders correctly 2`] = `
<div
  className="root"
>
  <div
    className="partName"
  >
    <div
      style={
        Object {
          "marginLeft": "1mm",
        }
      }
    >
      SeTest
    </div>
  </div>
  <div
    className="mainContent"
  >
    <div
      className="ledArea"
    >
      <div
        className="ledContainer"
      >
        <div
          className="led_base errLed"
        />
        <div>
          E
        </div>
      </div>
      <div
        className="ledContainer"
      >
        <div
          className="led_base"
        />
        <div>
          
        </div>
      </div>
      <div
        className="ledContainer"
      >
        <div
          className="led_base"
        />
        <div>
          
        </div>
      </div>
      <div
        className="ledContainer"
      >
        <div
          className="led_base"
        />
        <div>
          
        </div>
      </div>
      <div
        className="ledContainer"
      >
        <div
          className="led_base"
        />
        <div>
          
        </div>
      </div>
      <div
        className="ledContainer"
      >
        <div
          className="led_base"
        />
        <div>
          
        </div>
      </div>
      <div
        className="ledContainer"
      >
        <div
          className="led_base"
        />
        <div>
          
        </div>
      </div>
      <div
        className="ledContainer"
      >
        <div
          className="led_base"
        />
        <div>
          
        </div>
      </div>
      <div
        className="ledContainer"
      >
        <div
          className="led_base"
        />
        <div>
          
        </div>
      </div>
      <div
        className="root"
      >
        <div
          className="indent"
        />
        <div
          className="indent"
        />
      </div>
      <div
        className="ledContainer"
      >
        <div
          className="led_base"
        />
        <div>
          
        </div>
      </div>
      <div
        className="ledContainer"
      >
        <div
          className="led_base"
        />
        <div>
          
        </div>
      </div>
      <div
        className="ledContainer"
      >
        <div
          className="led_base"
        />
        <div>
          
        </div>
      </div>
      <div
        className="ledContainer"
      >
        <div
          className="led_base"
        />
        <div>
          
        </div>
      </div>
      <div
        className="ledContainer"
      >
        <div
          className="led_base"
        />
        <div>
          
        </div>
      </div>
      <div
        className="ledContainer"
      >
        <div
          className="led_base"
        />
        <div>
          
        </div>
      </div>
      <div
        className="ledContainer"
      >
        <div
          className="led_base"
        />
        <div>
          
        </div>
      </div>
      <div
        className="ledContainer"
      >
        <div
          className="led_base errLed"
        />
        <div>
          E
        </div>
      </div>
    </div>
    <div
      className="conArea"
    >
      <div
        className="root"
      >
        <div
          className="shadow"
        />
        <div
          className="root"
        >
          <div
            className="container"
          >
            <div
              className="edge edge_end"
            >
              <div
                className="inset inset_end"
              >
                <div
                  className="center_circle"
                >
                  <div
                    className="terminal_center"
                  />
                </div>
              </div>
            </div>
          </div>
          <div
            style={
              Object {
                "width": "0.5mm",
              }
            }
          />
          <div
            className="plunger_base"
          >
            <div
              className="middle"
            />
          </div>
        </div>
        <div
          className="root"
        >
          <div
            style={
              Object {
                "width": "0.5mm",
              }
            }
          />
          <div
            className="plunger_base"
          >
            <div
              className="middle"
            />
          </div>
          <div
            style={
              Object {
                "width": "0.5mm",
              }
            }
          />
          <div
            className="container"
          >
            <div
              className="edge"
            >
              <div
                className="inset"
              >
                <div
                  className="center_circle"
                >
                  <div
                    className="terminal_center"
                  />
                </div>
              </div>
            </div>
          </div>
        </div>
        <div
          className="root"
        >
          <div
            className="container"
          >
            <div
              className="edge edge_end"
            >
              <div
                className="inset inset_end"
              >
                <div
                  className="center_circle"
                >
                  <div
                    className="terminal_center"
                  />
                </div>
              </div>
            </div>
          </div>
          <div
            style={
              Object {
                "width": "0.5mm",
              }
            }
          />
          <div
            className="plunger_base"
          >
            <div
              className="middle"
            />
          </div>
        </div>
        <div
          className="root"
        >
          <div
            style={
              Object {
                "width": "0.5mm",
              }
            }
          />
          <div
            className="plunger_base"
          >
            <div
              className="middle"
            />
          </div>
          <div
            style={
              Object {
                "width": "0.5mm",
              }
            }
          />
          <div
            className="container"
          >
            <div
              className="edge"
            >
              <div
                className="inset"
              >
                <div
                  className="center_circle"
                >
                  <div
                    className="terminal_center"
                  />
                </div>
              </div>
            </div>
          </div>
        </div>
        <div
          className="root"
        >
          <div
            className="container"
          >
            <div
              className="edge edge_end"
            >
              <div
                className="inset inset_end"
              >
                <div
                  className="center_circle"
                >
                  <div
                    className="terminal_center"
                  />
                </div>
              </div>
            </div>
          </div>
          <div
            style={
              Object {
                "width": "0.5mm",
              }
            }
          />
          <div
            className="plunger_base"
          >
            <div
              className="middle"
            />
          </div>
        </div>
        <div
          className="root"
        >
          <div
            style={
              Object {
                "width": "0.5mm",
              }
            }
          />
          <div
            className="plunger_base"
          >
            <div
              className="middle"
            />
          </div>
          <div
            style={
              Object {
                "width": "0.5mm",
              }
            }
          />
          <div
            className="container"
          >
            <div
              className="edge"
            >
              <div
                className="inset"
              >
                <div
                  className="center_circle"
                >
                  <div
                    className="terminal_center"
                  />
                </div>
              </div>
            </div>
          </div>
        </div>
        <div
          className="root"
        >
          <div
            className="container"
          >
            <div
              className="edge edge_end"
            >
              <div
                className="inset inset_end"
              >
                <div
                  className="center_circle"
                >
                  <div
                    className="terminal_center"
                  />
                </div>
              </div>
            </div>
          </div>
          <div
            style={
              Object {
                "width": "0.5mm",
              }
            }
          />
          <div
            className="plunger_base"
          >
            <div
              className="middle"
            />
          </div>
        </div>
        <div
          className="root"
        >
          <div
            style={
              Object {
                "width": "0.5mm",
              }
            }
          />
          <div
            className="plunger_base"
          >
            <div
              className="middle"
            />
          </div>
          <div
            style={
              Object {
                "width": "0.5mm",
              }
            }
          />
          <div
            className="container"
          >
            <div
              className="edge"
            >
              <div
                className="inset"
              >
                <div
                  className="center_circle"
                >
                  <div
                    className="terminal_center"
                  />
                </div>
              </div>
            </div>
          </div>
        </div>
      </div>
    </div>
  </div>
  <div
    className="partName"
  >
    <div
      style={
        Object {
          "marginLeft": "1mm",
        }
      }
    >
      SeTest
    </div>
  </div>
</div>
`;

exports[`renders correctly 3`] = `
<div
  className="root"
>
  <div
    className="partName"
  >
    <div
      style={
        Object {
          "marginLeft": "1mm",
        }
      }
    >
      SeTest
    </div>
  </div>
  <div
    className="mainContent"
  >
    <div
      className="ledArea"
    >
      <div
        className="ledContainer"
      >
        <div
          className="led_base errLed"
        />
        <div>
          E
        </div>
      </div>
      <div
        className="ledContainer"
      >
        <div
          className="led_base"
        />
        <div>
          
        </div>
      </div>
      <div
        className="ledContainer"
      >
        <div
          className="led_base"
        />
        <div>
          
        </div>
      </div>
      <div
        className="ledContainer"
      >
        <div
          className="led_base"
        />
        <div>
          
        </div>
      </div>
      <div
        className="ledContainer"
      >
        <div
          className="led_base"
        />
        <div>
          
        </div>
      </div>
      <div
        className="ledContainer"
      >
        <div
          className="led_base"
        />
        <div>
          
        </div>
      </div>
      <div
        className="ledContainer"
      >
        <div
          className="led_base"
        />
        <div>
          
        </div>
      </div>
      <div
        className="ledContainer"
      >
        <div
          className="led_base"
        />
        <div>
          
        </div>
      </div>
      <div
        className="ledContainer"
      >
        <div
          className="led_base"
        />
        <div>
          
        </div>
      </div>
      <div
        className="root"
      >
        <div
          className="indent"
        />
        <div
          className="indent"
        />
      </div>
      <div
        className="ledContainer"
      >
        <div
          className="led_base"
        />
        <div>
          
        </div>
      </div>
      <div
        className="ledContainer"
      >
        <div
          className="led_base"
        />
        <div>
          
        </div>
      </div>
      <div
        className="ledContainer"
      >
        <div
          className="led_base"
        />
        <div>
          
        </div>
      </div>
      <div
        className="ledContainer"
      >
        <div
          className="led_base"
        />
        <div>
          
        </div>
      </div>
      <div
        className="ledContainer"
      >
        <div
          className="led_base"
        />
        <div>
          
        </div>
      </div>
      <div
        className="ledContainer"
      >
        <div
          className="led_base"
        />
        <div>
          
        </div>
      </div>
      <div
        className="ledContainer"
      >
        <div
          className="led_base"
        />
        <div>
          
        </div>
      </div>
      <div
        className="ledContainer"
      >
        <div
          className="led_base errLed"
        />
        <div>
          E
        </div>
      </div>
    </div>
    <div
      className="conArea"
    >
      <div
        className="root"
      >
        <div
          className="shadow"
        />
        <div
          className="root"
        >
          <div
            className="container"
          >
            <div
              className="edge edge_end"
            >
              <div
                className="inset inset_end"
              >
                <div
                  className="center_circle"
                >
                  <div
                    className="terminal_center"
                  />
                </div>
              </div>
            </div>
          </div>
          <div
            style={
              Object {
                "width": "0.5mm",
              }
            }
          />
          <div
            className="plunger_base"
          >
            <div
              className="middle"
            />
          </div>
        </div>
        <div
          className="root"
        >
          <div
            style={
              Object {
                "width": "0.5mm",
              }
            }
          />
          <div
            className="plunger_base"
          >
            <div
              className="middle"
            />
          </div>
          <div
            style={
              Object {
                "width": "0.5mm",
              }
            }
          />
          <div
            className="container"
          >
            <div
              className="edge"
            >
              <div
                className="inset"
              >
                <div
                  className="center_circle"
                >
                  <div
                    className="terminal_center"
                  />
                </div>
              </div>
            </div>
          </div>
        </div>
        <div
          className="root"
        >
          <div
            className="container"
          >
            <div
              className="edge edge_end"
            >
              <div
                className="inset inset_end"
              >
                <div
                  className="center_circle"
                >
                  <div
                    className="terminal_center"
                  />
                </div>
              </div>
            </div>
          </div>
          <div
            style={
              Object {
                "width": "0.5mm",
              }
            }
          />
          <div
            className="plunger_base"
          >
            <div
              className="middle"
            />
          </div>
        </div>
        <div
          className="root"
        >
          <div
            style={
              Object {
                "width": "0.5mm",
              }
            }
          />
          <div
            className="plunger_base"
          >
            <div
              className="middle"
            />
          </div>
          <div
            style={
              Object {
                "width": "0.5mm",
              }
            }
          />
          <div
            className="container"
          >
            <div
              className="edge"
            >
              <div
                className="inset"
              >
                <div
                  className="center_circle"
                >
                  <div
                    className="terminal_center"
                  />
                </div>
              </div>
            </div>
          </div>
        </div>
        <div
          className="root"
        >
          <div
            className="container"
          >
            <div
              className="edge edge_end"
            >
              <div
                className="inset inset_end"
              >
                <div
                  className="center_circle"
                >
                  <div
                    className="terminal_center"
                  />
                </div>
              </div>
            </div>
          </div>
          <div
            style={
              Object {
                "width": "0.5mm",
              }
            }
          />
          <div
            className="plunger_base"
          >
            <div
              className="middle"
            />
          </div>
        </div>
        <div
          className="root"
        >
          <div
            style={
              Object {
                "width": "0.5mm",
              }
            }
          />
          <div
            className="plunger_base"
          >
            <div
              className="middle"
            />
          </div>
          <div
            style={
              Object {
                "width": "0.5mm",
              }
            }
          />
          <div
            className="container"
          >
            <div
              className="edge"
            >
              <div
                className="inset"
              >
                <div
                  className="center_circle"
                >
                  <div
                    className="terminal_center"
                  />
                </div>
              </div>
            </div>
          </div>
        </div>
        <div
          className="root"
        >
          <div
            className="container"
          >
            <div
              className="edge edge_end"
            >
              <div
                className="inset inset_end"
              >
                <div
                  className="center_circle"
                >
                  <div
                    className="terminal_center"
                  />
                </div>
              </div>
            </div>
          </div>
          <div
            style={
              Object {
                "width": "0.5mm",
              }
            }
          />
          <div
            className="plunger_base"
          >
            <div
              className="middle"
            />
          </div>
        </div>
        <div
          className="root"
        >
          <div
            style={
              Object {
                "width": "0.5mm",
              }
            }
          />
          <div
            className="plunger_base"
          >
            <div
              className="middle"
            />
          </div>
          <div
            style={
              Object {
                "width": "0.5mm",
              }
            }
          />
          <div
            className="container"
          >
            <div
              className="edge"
            >
              <div
                className="inset"
              >
                <div
                  className="center_circle"
                >
                  <div
                    className="terminal_center"
                  />
                </div>
              </div>
            </div>
          </div>
        </div>
      </div>
    </div>
  </div>
  <div
    className="partName"
  >
    <div
      style={
        Object {
          "marginLeft": "1mm",
        }
      }
    >
      SeTest
    </div>
  </div>
</div>
`;
